---
source: did-jwk/src/resolver.rs
assertion_line: 93
expression: resolution
---
"@context": "https://www.w3.org/ns/did/v1"
didDocument:
  id: "did:jwk:eyJrdHkiOiJFQyIsImNydiI6InNlY3AyNTZrMSIsIngiOiJKSnpQaTRxeTJydktTVk85RjItMDVWV2VYMm9oc3dYN1NUbzg3TUdxcVB3IiwieSI6IkMxUnRGbnFXOWxOTEI1ejcycG9uMTIzZHh2MWtEcVUzUWw1QjhzMFdjXzQifQ"
  "@context": "https://www.w3.org/ns/did/v1"
  verificationMethod:
    - id: "did:jwk:eyJrdHkiOiJFQyIsImNydiI6InNlY3AyNTZrMSIsIngiOiJKSnpQaTRxeTJydktTVk85RjItMDVWV2VYMm9oc3dYN1NUbzg3TUdxcVB3IiwieSI6IkMxUnRGbnFXOWxOTEI1ejcycG9uMTIzZHh2MWtEcVUzUWw1QjhzMFdjXzQifQ#0"
      type: EcdsaSecp256k1VerificationKey2019
      controller: "did:jwk:eyJrdHkiOiJFQyIsImNydiI6InNlY3AyNTZrMSIsIngiOiJKSnpQaTRxeTJydktTVk85RjItMDVWV2VYMm9oc3dYN1NUbzg3TUdxcVB3IiwieSI6IkMxUnRGbnFXOWxOTEI1ejcycG9uMTIzZHh2MWtEcVUzUWw1QjhzMFdjXzQifQ"
      publicKeyJwk:
        kty: EC
        crv: secp256k1
        x: JJzPi4qy2rvKSVO9F2-05VWeX2ohswX7STo87MGqqPw
        y: C1RtFnqW9lNLB5z72pon123dxv1kDqU3Ql5B8s0Wc_4
  authentication:
    - "did:jwk:eyJrdHkiOiJFQyIsImNydiI6InNlY3AyNTZrMSIsIngiOiJKSnpQaTRxeTJydktTVk85RjItMDVWV2VYMm9oc3dYN1NUbzg3TUdxcVB3IiwieSI6IkMxUnRGbnFXOWxOTEI1ejcycG9uMTIzZHh2MWtEcVUzUWw1QjhzMFdjXzQifQ#0"
  assertionMethod:
    - "did:jwk:eyJrdHkiOiJFQyIsImNydiI6InNlY3AyNTZrMSIsIngiOiJKSnpQaTRxeTJydktTVk85RjItMDVWV2VYMm9oc3dYN1NUbzg3TUdxcVB3IiwieSI6IkMxUnRGbnFXOWxOTEI1ejcycG9uMTIzZHh2MWtEcVUzUWw1QjhzMFdjXzQifQ#0"
  keyAgreement:
    - "did:jwk:eyJrdHkiOiJFQyIsImNydiI6InNlY3AyNTZrMSIsIngiOiJKSnpQaTRxeTJydktTVk85RjItMDVWV2VYMm9oc3dYN1NUbzg3TUdxcVB3IiwieSI6IkMxUnRGbnFXOWxOTEI1ejcycG9uMTIzZHh2MWtEcVUzUWw1QjhzMFdjXzQifQ#0"
  capabilityInvocation:
    - "did:jwk:eyJrdHkiOiJFQyIsImNydiI6InNlY3AyNTZrMSIsIngiOiJKSnpQaTRxeTJydktTVk85RjItMDVWV2VYMm9oc3dYN1NUbzg3TUdxcVB3IiwieSI6IkMxUnRGbnFXOWxOTEI1ejcycG9uMTIzZHh2MWtEcVUzUWw1QjhzMFdjXzQifQ#0"
  capabilityDelegation:
    - "did:jwk:eyJrdHkiOiJFQyIsImNydiI6InNlY3AyNTZrMSIsIngiOiJKSnpQaTRxeTJydktTVk85RjItMDVWV2VYMm9oc3dYN1NUbzg3TUdxcVB3IiwieSI6IkMxUnRGbnFXOWxOTEI1ejcycG9uMTIzZHh2MWtEcVUzUWw1QjhzMFdjXzQifQ#0"
didDocumentMetadata: {}
didResolutionMetadata:
  contentType: application/did+ld+json
  error: ~

